nohup: ignoring input
⚠️  WARNING: Using SQLite database
   - NOT suitable for production on Render
   - Data will be LOST on every restart
   - Add DATABASE_URL environment variable to switch to PostgreSQL

📚 Migration Guide: See raffle-app/MIGRATION.md
[dotenv@17.2.3] injecting env (0) from .env -- tip: 🔐 encrypt with Dotenvx: https://dotenvx.com
[dotenv@17.2.3] injecting env (0) from .env -- tip: ✅ audit secrets and track compliance: https://dotenvx.com/ops
[dotenv@17.2.3] injecting env (0) from .env -- tip: 🛠️  run anywhere with `dotenvx run -- yourcommand`
🔍 Validating environment variables...


⚠️  Environment configuration warnings:

   DATABASE_URL not set - using SQLite (development only)
     For production, set DATABASE_URL to PostgreSQL connection string
   SESSION_SECRET was auto-generated for this session
     ⚠️  PRODUCTION WARNING: Set a persistent SESSION_SECRET in environment variables
     ⚠️  Current sessions will be lost on restart
     Generated value: febd0d408960300b...
   ADMIN_SETUP_TOKEN not set - /api/setup-admin endpoint will be DISABLED
     To enable: Generate with: node -e "console.log(require('crypto').randomBytes(32).toString('hex'))"
   ALLOWED_ORIGINS not set - allowing all origins in development mode
   EMAIL_USER or EMAIL_PASS not set - email notifications will be DISABLED
   SMTP_HOST not set - defaulting to: smtp.gmail.com
   SMTP_PORT not set - defaulting to: 587
   APP_URL not set - defaulting to: http://localhost:10000

✅ Environment validation passed
✅ Server will start in development mode
✅ Listening on port 3000

🔧 Initializing database schema...
✅ CORS allowed origins: [
  '*',
  'http://localhost:10000',
  'http://localhost:3000',
  'http://localhost:5000',
  'http://127.0.0.1:3000',
  'http://127.0.0.1:5000'
]
✅ CORS middleware configured
⚠️  WARNING: Using MemoryStore for sessions (development only)
   Sessions will be lost on server restart
   Add DATABASE_URL for persistent sessions
Server is running on port 3000
Environment: development
Access the application at http://localhost:3000
Health check available at http://localhost:3000/health
Email service configuration error. Email notifications will be logged to console only.
✅ Created unique index on ticket_categories
✅ Created 4 indexes on tickets table
✅ Created 6 indexes on payments table
✅ Created txn_verification_log table with indexes
Note: payment_reference column already exists or could not be added
Note: seller_name column already exists or could not be added
Note: customer_department column already exists or could not be added
Note: customer_department column already exists or could not be added
Note: address column already exists or could not be added
Note: id_picture_path column already exists or could not be added
Note: fit_mode column already exists or could not be added
Note: name column already exists or could not be added
Note: description column already exists or could not be added
Note: width column already exists or could not be added
Note: height column already exists or could not be added
Note: rotation column already exists or could not be added
Note: scale_width column already exists or could not be added
Note: scale_height column already exists or could not be added
Note: offset_x column already exists or could not be added
Note: offset_y column already exists or could not be added
Note: is_active column already exists or could not be added
Note: available_online column already exists or could not be added
📊 Creating performance indexes...
✅ Performance indexes created
✅ Database schema initialized successfully
👤 Default admin account created - Phone: 1234567890, Password: admin123
🎟️  Creating default raffle and categories...
✅ Default raffle created with 4 categories:
   - ABC (Bronze): $50.00 - 500,000 tickets
   - EFG (Silver): $100.00 - 500,000 tickets
   - JKL (Gold): $250.00 - 250,000 tickets
   - XYZ (Platinum): $500.00 - 250,000 tickets
   - Total capacity: 1,500,000 tickets
   - Potential revenue: $262,500,000
🔄 Running database migrations...
⚠️  Skipping migrations - SQLite database detected

═══════════════════════════════════════
🔍 DATABASE SETUP VALIDATION
═══════════════════════════════════════

═══════════════════════════════════════
🔍 CHECKING ADMIN USER
═══════════════════════════════════════
✅ Admin user exists: 1234567890
═══════════════════════════════════════

